
W (383) i2c: This driver is an old driver, please migrate your application code to adapt `driver/i2c_master.h`
I (393) sleep_gpio: Configure to isolate all GPIO pins in sleep state
I (399) sleep_gpio: Enable automatic switching of GPIO sleep configuration
I (406) main_task: Started on CPU0
I (436) main_task: Calling app_main()
ESP32S3 Boot Success...
ESP_ERROR_CHECK failed: esp_err_t 0x103 (ESP_ERR_INVALID_STATE) at 0x4200c05d
--- 0x4200c05d: wifi_sta_init at /Users/maochun/esp32prj/Project_CAM/branch/ota_Client/ota_client/protocol/wifi_sta/wifi_sta.c:69
file: "./protocol/wifi_sta/wifi_sta.c" line 69
func: wifi_sta_init
expression: esp_event_loop_create_default()

abort() was called at PC 0x4037c6b7 on core 0
--- 0x4037c6b7: _esp_error_check_failed at /Users/maochun/esp32prj/esp-idf/components/esp_system/esp_err.c:49


Backtrace: 0x4037c6f9:0x3fca5800 0x4037c6c1:0x3fca5820 0x403829a9:0x3fca5840 0x4037c6b7:0x3fca58b0 0x4200c05d:0x3fca58e0 0x4200be38:0x3fca5a50 0x42007984:0x3fca5a70 0x420a882a:0x3fca5aa0
--- 0x4037c6f9: panic_abort at /Users/maochun/esp32prj/esp-idf/components/esp_system/panic.c:480
--- 0x4037c6c1: esp_system_abort at /Users/maochun/esp32prj/esp-idf/components/esp_system/port/esp_system_chip.c:87
--- 0x403829a9: abort at /Users/maochun/esp32prj/esp-idf/components/newlib/src/abort.c:38
--- 0x4037c6b7: _esp_error_check_failed at /Users/maochun/esp32prj/esp-idf/components/esp_system/esp_err.c:49
--- 0x4200c05d: wifi_sta_init at /Users/maochun/esp32prj/Project_CAM/branch/ota_Client/ota_client/protocol/wifi_sta/wifi_sta.c:69
--- 0x4200be38: app_main at /Users/maochun/esp32prj/Project_CAM/branch/ota_Client/ota_client/main/main.c:28
--- 0x42007984: main_task at /Users/maochun/esp32prj/esp-idf/components/freertos/app_startup.c:208
--- 0x420a882a: vPortTaskWrapper at /Users/maochun/esp32prj/esp-idf/components/freertos/FreeRTOS-Kernel/portable/xtensa/port.c:139




ELF file SHA256: b3d34f112

Rebooting...
���ESP-ROM:esp32s3-20210327
Build:Mar 27 2021
rst:0xc (RTC_SW_CPU_RST),boot:0x8 (SPI_FAST_FLASH_BOOT)
Saved PC:0x4037c849
--- 0x4037c849: esp_restart_noos at /Users/maochun/esp32prj/esp-idf/components/esp_system/port/soc/esp32s3/system_internal.c:164
SPIWP:0xee
mode:DIO, clock div:1
load:0x3fce2820,len:0x1588
load:0x403c8700,len:0xd7c
--- 0x403c8700: _stext at ??:?
load:0x403cb700,len:0x2f80
entry 0x403c8908
--- 0x403c8908: call_start_cpu0 at /Users/maochun/esp32prj/esp-idf/components/bootloader/subproject/main/bootloader_start.c:25
I (29) boot: ESP-IDF v6.0-dev-2039-g2044fba6e7 2nd stage bootloader
I (29) boot: compile time Dec  3 2025 11:35:04
I (29) boot: Multicore bootloader
I (31) boot: chip revision: v0.2
I (34) boot: efuse block revision: v1.3
I (37) boot.esp32s3: Boot SPI Speed : 80MHz
I (41) boot.esp32s3: SPI Mode       : DIO
I (45) boot.esp32s3: SPI Flash Size : 16MB
I (49) boot: Enabling RNG early entropy source...
I (53) boot: Partition Table:
I (56) boot: ## Label            Usage          Type ST Offset   Length
I (62) boot:  0 nvs              WiFi data        01 02 00009000 00005000
I (69) boot:  1 otadata          OTA data         01 00 0000e000 00002000
I (75) boot:  2 app0             OTA app          00 10 00010000 001c0000
I (82) boot:  3 app1             OTA app          00 11 001d0000 001c0000
I (88) boot:  4 spiffs           Unknown data     01 82 00390000 00c70000
I (95) boot: End of partition table
I (98) esp_image: segment 0: paddr=00010020 vaddr=3c0b0020 size=22cach (142508) map
I (131) esp_image: segment 1: paddr=00032cd4 vaddr=3fc98f00 size=04c54h ( 19540) load
I (135) esp_image: segment 2: paddr=00037930 vaddr=40374000 size=086e8h ( 34536) load
I (143) esp_image: segment 3: paddr=00040020 vaddr=42000020 size=ab920h (702752) map
I (270) esp_image: segment 4: paddr=000eb948 vaddr=4037c6e8 size=0c724h ( 50980) load
I (281) esp_image: segment 5: paddr=000f8074 vaddr=50000000 size=00020h (    32) load
I (290) boot: Loaded app from partition at offset 0x10000
I (291) boot: Disabling RNG early entropy source...
I (301) cpu_start: Multicore app
I (309) cpu_start: GPIO 44 and 43 are used as console UART I/O pins
I (310) cpu_start: Pro cpu start user code
I (310) cpu_start: cpu freq: 160000000 Hz
I (311) app_init: Application information:
I (315) app_init: Project name:     ota_client
I (319) app_init: App version:      1.0.1
I (323) app_init: Compile time:     Dec  3 2025 11:34:44
I (328) app_init: ELF file SHA256:  b3d34f112...
I (332) app_init: ESP-IDF:          v6.0-dev-2039-g2044fba6e7
I (338) efuse_init: Min chip rev:     v0.0
I (342) efuse_init: Max chip rev:     v0.99 
I (346) efuse_init: Chip rev:         v0.2
I (350) heap_init: Initializing. RAM available for dynamic allocation:
I (356) heap_init: At 3FCA1F20 len 000477F0 (285 KiB): RAM
I (361) heap_init: At 3FCE9710 len 00005724 (21 KiB): RAM
I (366) heap_init: At 3FCF0000 len 00008000 (32 KiB): DRAM
I (371) heap_init: At 600FE000 len 00001FE8 (7 KiB): RTCRAM
I (378) spi_flash: detected chip: boya
I (380) spi_flash: flash io: dio
W (383) i2c: This driver is an old driver, please migrate your application code to adapt `driver/i2c_master.h`
I (393) sleep_gpio: Configure to isolate all GPIO pins in sleep state
I (399) sleep_gpio: Enable automatic switching of GPIO sleep configuration
I (406) main_task: Started on CPU0
I (436) main_task: Calling app_main()
ESP32S3 Boot Success...
ESP_ERROR_CHECK failed: esp_err_t 0x103 (ESP_ERR_INVALID_STATE) at 0x4200c05d
--- 0x4200c05d: wifi_sta_init at /Users/maochun/esp32prj/Project_CAM/branch/ota_Client/ota_client/protocol/wifi_sta/wifi_sta.c:69
file: "./protocol/wifi_sta/wifi_sta.c" line 69
func: wifi_sta_init
expression: esp_event_loop_create_default()

abort() was called at PC 0x4037c6b7 on core 0
--- 0x4037c6b7: _esp_error_check_failed at /Users/maochun/esp32prj/esp-idf/components/esp_system/esp_err.c:49


Backtrace: 0x4037c6f9:0x3fca5800 0x4037c6c1:0x3fca5820 0x403829a9:0x3fca5840 0x4037c6b7:0x3fca58b0 0x4200c05d:0x3fca58e0 0x4200be38:0x3fca5a50 0x42007984:0x3fca5a70 0x420a882a:0x3fca5aa0
--- 0x4037c6f9: panic_abort at /Users/maochun/esp32prj/esp-idf/components/esp_system/panic.c:480
--- 0x4037c6c1: esp_system_abort at /Users/maochun/esp32prj/esp-idf/components/esp_system/port/esp_system_chip.c:87
--- 0x403829a9: abort at /Users/maochun/esp32prj/esp-idf/components/newlib/src/abort.c:38
--- 0x4037c6b7: _esp_error_check_failed at /Users/maochun/esp32prj/esp-idf/components/esp_system/esp_err.c:49
--- 0x4200c05d: wifi_sta_init at /Users/maochun/esp32prj/Project_CAM/branch/ota_Client/ota_client/protocol/wifi_sta/wifi_sta.c:69
--- 0x4200be38: app_main at /Users/maochun/esp32prj/Project_CAM/branch/ota_Client/ota_client/main/main.c:28
--- 0x42007984: main_task at /Users/maochun/esp32prj/esp-idf/components/freertos/app_startup.c:208
--- 0x420a882a: vPortTaskWrapper at /Users/maochun/esp32prj/esp-idf/components/freertos/FreeRTOS-Kernel/portable/xtensa/port.c:139




ELF file SHA256: b3d34f112

Rebooting...
���ESP-ROM:esp32s3-20210327
Build:Mar 27 2021
rst:0xc (RTC_SW_CPU_RST),boot:0x8 (SPI_FAST_FLASH_BOOT)
Saved PC:0x4037c849
--- 0x4037c849: esp_restart_noos at /Users/maochun/esp32prj/esp-idf/components/esp_system/port/soc/esp32s3/system_internal.c:164
SPIWP:0xee
mode:DIO, clock div:1
load:0x3fce2820,len:0x1588
load:0x403c8700,len:0xd7c
--- 0x403c8700: _stext at ??:?
load:0x403cb700,len:0x2f80
entry 0x403c8908
--- 0x403c8908: call_start_cpu0 at /Users/maochun/esp32prj/esp-idf/components/bootloader/subproject/main/bootloader_start.c:25
I (29) boot: ESP-IDF v6.0-dev-2039-g2044fba6e7 2nd stage bootloader
I (29) boot: compile time Dec  3 2025 11:35:04
I (29) boot: Multicore bootloader
I (31) boot: chip revision: v0.2
I (34) boot: efuse block revision: v1.3
I (37) boot.esp32s3: Boot SPI Speed : 80MHz
I (41) boot.esp32s3: SPI Mode       : DIO
I (45) boot.esp32s3: SPI Flash Size : 16MB
I (49) boot: Enabling RNG early entropy source...
I (53) boot: Partition Table:
I (56) boot: ## Label            Usage          Type ST Offset   Length
I (62) boot:  0 nvs              WiFi data        01 02 00009000 00005000
I (69) boot:  1 otadata          OTA data         01 00 0000e000 00002000
I (75) boot:  2 app0             OTA app          00 10 00010000 001c0000
I (82) boot:  3 app1             OTA app          00 11 001d0000 001c0000
I (88) boot:  4 spiffs           Unknown data     01 82 00390000 00c70000
I (95) boot: End of partition table
I (98) esp_image: segment 0: paddr=00010020 vaddr=3c0b0020 size=22cach (142508) map
I (131) esp_image: segment 1: paddr=00032cd4 vaddr=3fc98f00 size=04c54h ( 19540) load
I (135) esp_image: segment 2: paddr=00037930 vaddr=40374000 size=086e8h ( 34536) load
